==============================================================================
Tests                                                                         
==============================================================================
Tests.testDemo5 :: To validate the login form                                 
==============================================================================
Invalid username                                                      | PASS |
------------------------------------------------------------------------------
Invalid password                                                      | PASS |
------------------------------------------------------------------------------
special characters                                                    | PASS |
------------------------------------------------------------------------------
Tests.testDemo5 :: To validate the login form                         | PASS |
3 tests, 3 passed, 0 failed
==============================================================================
Tests                                                                 | PASS |
3 tests, 3 passed, 0 failed
==============================================================================
Output:  /Users/binayakkhanal/PycharmProjects/pythonProject1/tests/pabot_results/4/output.xml
