==============================================================================
Tests                                                                         
==============================================================================
Tests.testDemo1 :: To validate the login form                                 
==============================================================================
Validate Successful Login                                             | PASS |
------------------------------------------------------------------------------
Tests.testDemo1 :: To validate the login form                         | PASS |
1 test, 1 passed, 0 failed
==============================================================================
Tests                                                                 | PASS |
1 test, 1 passed, 0 failed
==============================================================================
Output:  /Users/binayakkhanal/PycharmProjects/pythonProject1/tests/pabot_results/0/output.xml
