==============================================================================
Tests                                                                         
==============================================================================
Tests.testDemo3 :: To validate the child window                               
==============================================================================
Validate Child window functionality                                   | PASS |
------------------------------------------------------------------------------
Tests.testDemo3 :: To validate the child window                       | PASS |
1 test, 1 passed, 0 failed
==============================================================================
Tests                                                                 | PASS |
1 test, 1 passed, 0 failed
==============================================================================
Output:  /Users/binayakkhanal/PycharmProjects/pythonProject1/tests/pabot_results/2/output.xml
