==============================================================================
Tests                                                                         
==============================================================================
Tests.testDemo6 :: To validate the login form                                 
==============================================================================
Validate UnSuccessful Login                                           | PASS |
------------------------------------------------------------------------------
Validate Cards display in the Shopping Page                           | PASS |
------------------------------------------------------------------------------
Select the Form and navigate to Child window                          | PASS |
------------------------------------------------------------------------------
Tests.testDemo6 :: To validate the login form                         | PASS |
3 tests, 3 passed, 0 failed
==============================================================================
Tests                                                                 | PASS |
3 tests, 3 passed, 0 failed
==============================================================================
Output:  /Users/binayakkhanal/PycharmProjects/pythonProject1/tests/pabot_results/5/output.xml
